src/features/dashboard/data/recipes/hooks/use-recipes.ts(280,42): error TS2345: Argument of type '{ take: number; skip: number; sortBy: "name" | "createdAt" | "updatedAt" | "category" | "costPerBatch" | "productionTimeMinutes"; sortOrder: "asc" | "desc"; search?: string | undefined; category?: string | undefined; } | {}' is not assignable to parameter of type '{ take: number; skip: number; sortBy: "name" | "createdAt" | "updatedAt" | "category" | "costPerBatch" | "productionTimeMinutes"; sortOrder: "asc" | "desc"; search?: string | undefined; category?: string | undefined; }'.
  Type '{}' is missing the following properties from type '{ take: number; skip: number; sortBy: "name" | "createdAt" | "updatedAt" | "category" | "costPerBatch" | "productionTimeMinutes"; sortOrder: "asc" | "desc"; search?: string | undefined; category?: string | undefined; }': take, skip, sortBy, sortOrder
